/home/lrj/anaconda3/envs/ped_intent/lib/python3.10/site-packages/torch/nn/modules/transformer.py:379: UserWarning: enable_nested_tensor is True, but self.use_nested_tensor is False because encoder_layer was not TransformerEncoderLayer
  warnings.warn(
TRAIN_STEP warmup 100 phase 100
TRAIN_STEP warmup 200 phase 200
TRAIN_STEP warmup 300 phase 300
TRAIN_STEP warmup 400 phase 400
TRAIN_STEP warmup 500 phase 500
VALIDATION warmup {'global_step': 500, 'phase_step': 500, 'epoch': 0.47303689687795647, 'learning_rate': 0.001, 'train_loss': 3.1018577926158906, 'regression_loss': 1.6525466725081206, 'classification_loss': 1.449311116695404, 'NLL': 2.345693851709366, 'vehicle_regression_loss': 2.1535507484041156, 'pedestrian_regression_loss': 0.4898493448406765, 'bicycle_regression_loss': 0.8452482696701872, 'VAL_overall_ADE': 1.8620597825244891, 'VAL_overall_FDE': 4.004926479587296, 'VAL_overall_MR': 0.1972904164393526, 'VAL_vehicle_ADE': 2.2215650146536694, 'VAL_vehicle_FDE': 4.828330965717545, 'VAL_vehicle_MR': 0.20523481054521403, 'VAL_pedestrian_ADE': 0.6296742290123077, 'VAL_pedestrian_FDE': 1.2005346479669685, 'VAL_pedestrian_MR': 0.17063822696217298, 'VAL_bicycle_ADE': 1.2104072318548655, 'VAL_bicycle_FDE': 2.178633882394401, 'VAL_bicycle_MR': 0.1722560975609756, 'VAL_moving_ADE': 8.156338916881204, 'VAL_moving_FDE': 18.059337320147907, 'VAL_moving_MR': 0.7557594876206863, 'VAL_stopped_ADE': 0.4455550114266078, 'VAL_stopped_FDE': 0.887784788864584, 'VAL_stopped_MR': 0.07983568494373995, 'VAL_parked_ADE': 0.16550146593718998, 'VAL_parked_FDE': 0.24640443173463306, 'VAL_parked_MR': 0.004841654099531709, 'VAL_unknown_ADE': 1.913277786929209, 'VAL_unknown_FDE': 3.998671164791216, 'VAL_unknown_MR': 0.19832402234636873}
TRAIN_STEP warmup 600 phase 600
TRAIN_STEP warmup 700 phase 700
TRAIN_STEP warmup 800 phase 800
TRAIN_STEP warmup 900 phase 900
TRAIN_STEP warmup 1000 phase 1000
VALIDATION warmup {'global_step': 1000, 'phase_step': 1000, 'epoch': 0.9460737937559129, 'learning_rate': 0.001, 'train_loss': 2.3360117692947386, 'regression_loss': 0.8823588500171899, 'classification_loss': 1.4536529167890548, 'NLL': 1.575506042599678, 'vehicle_regression_loss': 1.1004085246287287, 'pedestrian_regression_loss': 0.3293215944019111, 'bicycle_regression_loss': 0.37220337857178887, 'VAL_overall_ADE': 1.1732579928637703, 'VAL_overall_FDE': 2.4257892229221976, 'VAL_overall_MR': 0.19994544462629568, 'VAL_vehicle_ADE': 1.329461437502182, 'VAL_vehicle_FDE': 2.7780209933206197, 'VAL_vehicle_MR': 0.20206935651516583, 'VAL_pedestrian_ADE': 0.6427186987699729, 'VAL_pedestrian_FDE': 1.2497440044030457, 'VAL_pedestrian_MR': 0.1944675887352108, 'VAL_bicycle_ADE': 0.7999780984743067, 'VAL_bicycle_FDE': 1.212709052435679, 'VAL_bicycle_MR': 0.16310975609756098, 'VAL_moving_ADE': 4.630043155241723, 'VAL_moving_FDE': 9.927520738488298, 'VAL_moving_MR': 0.7351113660261925, 'VAL_stopped_ADE': 0.4219868156042966, 'VAL_stopped_FDE': 0.9294023598622645, 'VAL_stopped_MR': 0.09251652080728702, 'VAL_parked_ADE': 0.1618196256871235, 'VAL_parked_FDE': 0.23270125674100467, 'VAL_parked_MR': 0.0061909675371061195, 'VAL_unknown_ADE': 1.3069320453688142, 'VAL_unknown_FDE': 2.495400524854502, 'VAL_unknown_MR': 0.17690875232774675}
TRAIN_STEP warmup 1100 phase 1100
TRAIN_STEP warmup 1200 phase 1200
TRAIN_STEP warmup 1300 phase 1300
TRAIN_STEP warmup 1400 phase 1400
TRAIN_STEP warmup 1500 phase 1500
VALIDATION warmup {'global_step': 1500, 'phase_step': 1500, 'epoch': 1.4191106906338695, 'learning_rate': 0.001, 'train_loss': 2.1149970746040343, 'regression_loss': 0.6344344941563904, 'classification_loss': 1.4805625832080842, 'NLL': 1.3275816754102707, 'vehicle_regression_loss': 0.7838588989041746, 'pedestrian_regression_loss': 0.30571872296453523, 'bicycle_regression_loss': 0.30885339430830583, 'VAL_overall_ADE': 0.8784984983501617, 'VAL_overall_FDE': 1.6695251424997128, 'VAL_overall_MR': 0.1802327695944717, 'VAL_vehicle_ADE': 0.9633732427597215, 'VAL_vehicle_FDE': 1.8162543754127687, 'VAL_vehicle_MR': 0.1831002551261457, 'VAL_pedestrian_ADE': 0.5928397531347395, 'VAL_pedestrian_FDE': 1.1778455740824023, 'VAL_pedestrian_MR': 0.17047158806865523, 'VAL_bicycle_ADE': 0.6278256015971349, 'VAL_bicycle_FDE': 1.1966536371172236, 'VAL_bicycle_MR': 0.17378048780487804, 'VAL_moving_ADE': 3.2667992050851105, 'VAL_moving_FDE': 6.218523773167615, 'VAL_moving_MR': 0.6645636172450052, 'VAL_stopped_ADE': 0.372877376273828, 'VAL_stopped_FDE': 0.8711092860822606, 'VAL_stopped_MR': 0.08751562779067691, 'VAL_parked_ADE': 0.1356108612815204, 'VAL_parked_FDE': 0.1856039166863138, 'VAL_parked_MR': 0.004881339788872133, 'VAL_unknown_ADE': 1.0266915416948539, 'VAL_unknown_FDE': 2.1224531130638673, 'VAL_unknown_MR': 0.17318435754189945}
TRAIN_STEP warmup 1600 phase 1600
TRAIN_STEP warmup 1700 phase 1700
TRAIN_STEP warmup 1800 phase 1800
TRAIN_STEP warmup 1900 phase 1900
TRAIN_STEP warmup 2000 phase 2000
VALIDATION warmup {'global_step': 2000, 'phase_step': 2000, 'epoch': 1.8921475875118259, 'learning_rate': 0.001, 'train_loss': 2.0493347952365877, 'regression_loss': 0.5271242885291576, 'classification_loss': 1.5222105057239532, 'NLL': 1.2202714774608612, 'vehicle_regression_loss': 0.6290800125561654, 'pedestrian_regression_loss': 0.33610343179009255, 'bicycle_regression_loss': 0.3189454773391724, 'VAL_overall_ADE': 0.8245801218128729, 'VAL_overall_FDE': 1.5796668824356488, 'VAL_overall_MR': 0.18361520276413892, 'VAL_vehicle_ADE': 0.8961427684783668, 'VAL_vehicle_FDE': 1.703271682470093, 'VAL_vehicle_MR': 0.18565151658319948, 'VAL_pedestrian_ADE': 0.5825893025664642, 'VAL_pedestrian_FDE': 1.1660474407954975, 'VAL_pedestrian_MR': 0.17755374104315946, 'VAL_bicycle_ADE': 0.6340067284465654, 'VAL_bicycle_FDE': 1.1708591743670518, 'VAL_bicycle_MR': 0.16310975609756098, 'VAL_moving_ADE': 3.028008419453322, 'VAL_moving_FDE': 5.799481907386172, 'VAL_moving_MR': 0.6741229327980116, 'VAL_stopped_ADE': 0.3756461600104527, 'VAL_stopped_FDE': 0.8955549321415444, 'VAL_stopped_MR': 0.09090909090909091, 'VAL_parked_ADE': 0.1216505885458918, 'VAL_parked_FDE': 0.1679958190037201, 'VAL_parked_MR': 0.004801968410191285, 'VAL_unknown_ADE': 1.0157590495783217, 'VAL_unknown_FDE': 2.0364487121424513, 'VAL_unknown_MR': 0.164804469273743}
TRAIN_STEP warmup 2100 phase 2100
TRAIN_STEP warmup 2200 phase 2200
TRAIN_STEP warmup 2300 phase 2300
TRAIN_STEP warmup 2400 phase 2400
TRAIN_STEP warmup 2500 phase 2500
VALIDATION warmup {'global_step': 2500, 'phase_step': 2500, 'epoch': 2.3651844843897822, 'learning_rate': 0.001, 'train_loss': 2.076005680799484, 'regression_loss': 0.504976006001234, 'classification_loss': 1.5710296747684478, 'NLL': 1.1981231945753097, 'vehicle_regression_loss': 0.6101670016758144, 'pedestrian_regression_loss': 0.314194466587613, 'bicycle_regression_loss': 0.2516430764467464, 'VAL_overall_ADE': 0.7460579691709996, 'VAL_overall_FDE': 1.4534978063437813, 'VAL_overall_MR': 0.17583196944899074, 'VAL_vehicle_ADE': 0.7946263299959035, 'VAL_vehicle_FDE': 1.5378300169367451, 'VAL_vehicle_MR': 0.17568269866767458, 'VAL_pedestrian_ADE': 0.5850518465783479, 'VAL_pedestrian_FDE': 1.1746417344901943, 'VAL_pedestrian_MR': 0.17763706048991834, 'VAL_bicycle_ADE': 0.5576427754471873, 'VAL_bicycle_FDE': 1.1133749947056923, 'VAL_bicycle_MR': 0.1524390243902439, 'VAL_moving_ADE': 2.6353492688977176, 'VAL_moving_FDE': 5.1697395034380325, 'VAL_moving_MR': 0.6352165184972756, 'VAL_stopped_ADE': 0.3633672678412327, 'VAL_stopped_FDE': 0.8689952676205185, 'VAL_stopped_MR': 0.08787283443472049, 'VAL_parked_ADE': 0.12134463347831531, 'VAL_parked_FDE': 0.16231474347934427, 'VAL_parked_MR': 0.004921025478212556, 'VAL_unknown_ADE': 0.9102399370744061, 'VAL_unknown_FDE': 1.921102348138952, 'VAL_unknown_MR': 0.16387337057728119}
TRAIN_STEP warmup 2600 phase 2600
TRAIN_STEP warmup 2700 phase 2700
TRAIN_STEP warmup 2800 phase 2800
TRAIN_STEP warmup 2900 phase 2900
TRAIN_STEP warmup 3000 phase 3000
VALIDATION warmup {'global_step': 3000, 'phase_step': 3000, 'epoch': 2.838221381267739, 'learning_rate': 0.001, 'train_loss': 2.092608971595764, 'regression_loss': 0.46888108173199, 'classification_loss': 1.6237278923988343, 'NLL': 1.1620282663106918, 'vehicle_regression_loss': 0.5631327330563217, 'pedestrian_regression_loss': 0.29797076228618, 'bicycle_regression_loss': 0.308645062577947, 'VAL_overall_ADE': 0.8272869998236546, 'VAL_overall_FDE': 1.5998599228029664, 'VAL_overall_MR': 0.2171303873431533, 'VAL_vehicle_ADE': 0.8384663413006965, 'VAL_vehicle_FDE': 1.617758039769715, 'VAL_vehicle_MR': 0.19200604743456487, 'VAL_pedestrian_ADE': 0.796555770596173, 'VAL_pedestrian_FDE': 1.556458396901812, 'VAL_pedestrian_MR': 0.3076987168805199, 'VAL_bicycle_ADE': 0.6681289659548982, 'VAL_bicycle_FDE': 1.238948377725603, 'VAL_bicycle_MR': 0.18140243902439024, 'VAL_moving_ADE': 2.8069397407293573, 'VAL_moving_FDE': 5.473369483571671, 'VAL_moving_MR': 0.6945798680814453, 'VAL_stopped_ADE': 0.3680280060462446, 'VAL_stopped_FDE': 0.8894160844083389, 'VAL_stopped_MR': 0.09019467762100375, 'VAL_parked_ADE': 0.12029851078947575, 'VAL_parked_FDE': 0.16095121419244426, 'VAL_parked_MR': 0.005833796333042305, 'VAL_unknown_ADE': 0.967122766708702, 'VAL_unknown_FDE': 2.039595735628328, 'VAL_unknown_MR': 0.19553072625698323}
TRAIN_STEP warmup 3100 phase 3100
TRAIN_STEP warmup 3200 phase 3200
TRAIN_STEP warmup 3300 phase 3300
TRAIN_STEP warmup 3400 phase 3400
TRAIN_STEP warmup 3500 phase 3500
VALIDATION warmup {'global_step': 3500, 'phase_step': 3500, 'epoch': 3.3112582781456954, 'learning_rate': 0.001, 'train_loss': 2.1055094776153562, 'regression_loss': 0.4912034262605011, 'classification_loss': 1.6143060534000397, 'NLL': 1.1843506115674973, 'vehicle_regression_loss': 0.6077330149374902, 'pedestrian_regression_loss': 0.2925167583497399, 'bicycle_regression_loss': 0.2594102521642522, 'VAL_overall_ADE': 0.7633635632230562, 'VAL_overall_FDE': 1.4874829263015164, 'VAL_overall_MR': 0.18434260774686306, 'VAL_vehicle_ADE': 0.8092541287008184, 'VAL_vehicle_FDE': 1.5746808798196361, 'VAL_vehicle_MR': 0.18501370121893604, 'VAL_pedestrian_ADE': 0.6115291396371985, 'VAL_pedestrian_FDE': 1.1985130973761626, 'VAL_pedestrian_MR': 0.183802699550075, 'VAL_bicycle_ADE': 0.5799448651633589, 'VAL_bicycle_FDE': 1.1474709117177464, 'VAL_bicycle_MR': 0.15091463414634146, 'VAL_moving_ADE': 2.667776094654399, 'VAL_moving_FDE': 5.262037527807858, 'VAL_moving_MR': 0.6705859860433993, 'VAL_stopped_ADE': 0.3838834155114392, 'VAL_stopped_FDE': 0.9163650211348836, 'VAL_stopped_MR': 0.08983747097696017, 'VAL_parked_ADE': 0.12786434586725007, 'VAL_parked_FDE': 0.17666988430396255, 'VAL_parked_MR': 0.0051988253035955235, 'VAL_unknown_ADE': 0.9110344686888824, 'VAL_unknown_FDE': 1.8908388529807933, 'VAL_unknown_MR': 0.17039106145251395}
TRAIN_STEP warmup 3600 phase 3600
TRAIN_STEP warmup 3700 phase 3700
TRAIN_STEP warmup 3800 phase 3800
TRAIN_STEP warmup 3900 phase 3900
TRAIN_STEP warmup 4000 phase 4000
VALIDATION warmup {'global_step': 4000, 'phase_step': 4000, 'epoch': 3.7842951750236518, 'learning_rate': 0.001, 'train_loss': 2.07032150888443, 'regression_loss': 0.44769457176327704, 'classification_loss': 1.6226269371509552, 'NLL': 1.1408417516946792, 'vehicle_regression_loss': 0.5314907370414584, 'pedestrian_regression_loss': 0.2862617781539035, 'bicycle_regression_loss': 0.31393485522709824, 'VAL_overall_ADE': 0.7825786208226169, 'VAL_overall_FDE': 1.4720041050179913, 'VAL_overall_MR': 0.1817057646844881, 'VAL_vehicle_ADE': 0.8420932054220052, 'VAL_vehicle_FDE': 1.5682171737521151, 'VAL_vehicle_MR': 0.18617121799111783, 'VAL_pedestrian_ADE': 0.5809025759565064, 'VAL_pedestrian_FDE': 1.147493914027408, 'VAL_pedestrian_MR': 0.16747208798533578, 'VAL_bicycle_ADE': 0.6318842537826064, 'VAL_bicycle_FDE': 1.2004792370546677, 'VAL_bicycle_MR': 0.15396341463414634, 'VAL_moving_ADE': 2.7570995073137867, 'VAL_moving_FDE': 5.236133561609166, 'VAL_moving_MR': 0.674600898575662, 'VAL_stopped_ADE': 0.3986171550170827, 'VAL_stopped_FDE': 0.9010956886710315, 'VAL_stopped_MR': 0.08858724772280764, 'VAL_parked_ADE': 0.13984020857906385, 'VAL_parked_FDE': 0.17674574199621992, 'VAL_parked_MR': 0.005397253750297643, 'VAL_unknown_ADE': 0.9775797013025141, 'VAL_unknown_FDE': 1.966203206323271, 'VAL_unknown_MR': 0.1787709497206704}
TRAIN_STEP warmup 4100 phase 4100
TRAIN_STEP warmup 4200 phase 4200
TRAIN_STEP warmup 4300 phase 4300
TRAIN_STEP warmup 4400 phase 4400
TRAIN_STEP warmup 4500 phase 4500
VALIDATION warmup {'global_step': 4500, 'phase_step': 4500, 'epoch': 4.257332071901608, 'learning_rate': 0.001, 'train_loss': 2.074190742492676, 'regression_loss': 0.46347805608808995, 'classification_loss': 1.6107126846313478, 'NLL': 1.1566252403259278, 'vehicle_regression_loss': 0.5702006427226588, 'pedestrian_regression_loss': 0.30567690473097037, 'bicycle_regression_loss': 0.24461186229922915, 'VAL_overall_ADE': 0.8584174434920144, 'VAL_overall_FDE': 1.5949942369711172, 'VAL_overall_MR': 0.20200036370249136, 'VAL_vehicle_ADE': 0.9140350805563573, 'VAL_vehicle_FDE': 1.6699627301292814, 'VAL_vehicle_MR': 0.1998488141358783, 'VAL_pedestrian_ADE': 0.6736086406717081, 'VAL_pedestrian_FDE': 1.3476105033913701, 'VAL_pedestrian_MR': 0.21079820029995, 'VAL_bicycle_ADE': 0.6505964667260896, 'VAL_bicycle_FDE': 1.2833072218075736, 'VAL_bicycle_MR': 0.1798780487804878, 'VAL_moving_ADE': 3.0103150963587937, 'VAL_moving_FDE': 5.535718811919064, 'VAL_moving_MR': 0.7203900200745627, 'VAL_stopped_ADE': 0.44895923265977394, 'VAL_stopped_FDE': 0.9596453991673555, 'VAL_stopped_MR': 0.09519557063761386, 'VAL_parked_ADE': 0.14370284934894595, 'VAL_parked_FDE': 0.21031102979558194, 'VAL_parked_MR': 0.00793713786808477, 'VAL_unknown_ADE': 0.9937427053496838, 'VAL_unknown_FDE': 1.9657689773001112, 'VAL_unknown_MR': 0.17783985102420857}
TRAIN_STEP warmup 4600 phase 4600
TRAIN_STEP warmup 4700 phase 4700
TRAIN_STEP warmup 4800 phase 4800
TRAIN_STEP warmup 4900 phase 4900
TRAIN_STEP warmup 5000 phase 5000
VALIDATION warmup {'global_step': 5000, 'phase_step': 5000, 'epoch': 4.7303689687795645, 'learning_rate': 0.001, 'train_loss': 2.0626322445869447, 'regression_loss': 0.47802412540093064, 'classification_loss': 1.5846081218719483, 'NLL': 1.1711713166236877, 'vehicle_regression_loss': 0.5863437653407455, 'pedestrian_regression_loss': 0.2819333604388874, 'bicycle_regression_loss': 0.3145962433147086, 'VAL_overall_ADE': 0.7925912290549366, 'VAL_overall_FDE': 1.5395567225755054, 'VAL_overall_MR': 0.1857246772140389, 'VAL_vehicle_ADE': 0.8578660305437018, 'VAL_vehicle_FDE': 1.6589320728465964, 'VAL_vehicle_MR': 0.1924785032599452, 'VAL_pedestrian_ADE': 0.5728189947817353, 'VAL_pedestrian_FDE': 1.1406037652964727, 'VAL_pedestrian_MR': 0.16405599066822196, 'VAL_bicycle_ADE': 0.6012702825984623, 'VAL_bicycle_FDE': 1.1353434079217373, 'VAL_bicycle_MR': 0.14634146341463414, 'VAL_moving_ADE': 2.810316572498914, 'VAL_moving_FDE': 5.514288035074635, 'VAL_moving_MR': 0.6928591912819042, 'VAL_stopped_ADE': 0.4276211286916102, 'VAL_stopped_FDE': 0.9663995824400917, 'VAL_stopped_MR': 0.09555277728165744, 'VAL_parked_ADE': 0.13844359670891732, 'VAL_parked_FDE': 0.19830552917319222, 'VAL_parked_MR': 0.005952853401063577, 'VAL_unknown_ADE': 0.9624866765821474, 'VAL_unknown_FDE': 1.986193097428483, 'VAL_unknown_MR': 0.20018621973929238}
PHASE_COMPLETE warmup 5000
