/home/lrj/anaconda3/envs/ped_intent/lib/python3.10/site-packages/torch/nn/modules/transformer.py:379: UserWarning: enable_nested_tensor is True, but self.use_nested_tensor is False because encoder_layer was not TransformerEncoderLayer
  warnings.warn(
TRAIN_STEP nll 5100 phase 100
TRAIN_STEP nll 5200 phase 200
TRAIN_STEP nll 5300 phase 300
TRAIN_STEP nll 5400 phase 400
TRAIN_STEP nll 5500 phase 500
VALIDATION nll {'global_step': 5500, 'phase_step': 500, 'epoch': 0.47303689687795647, 'learning_rate': 0.0001, 'train_loss': 1.6684821871519089, 'regression_loss': 0.05535415506974096, 'classification_loss': 1.6131280274391175, 'NLL': 0.05535415506974096, 'vehicle_regression_loss': 0.11487296261376469, 'pedestrian_regression_loss': 0.12082478924850493, 'bicycle_regression_loss': -0.35598264122381806, 'VAL_overall_ADE': 0.7188649657945626, 'VAL_overall_FDE': 1.4440747682678228, 'VAL_overall_MR': 0.17144935442807782, 'VAL_vehicle_ADE': 0.7672206992805753, 'VAL_vehicle_FDE': 1.5398042880519742, 'VAL_vehicle_MR': 0.17221014835112916, 'VAL_pedestrian_ADE': 0.5579877958979943, 'VAL_pedestrian_FDE': 1.1262810094355782, 'VAL_pedestrian_MR': 0.17063822696217298, 'VAL_bicycle_ADE': 0.5418114340395621, 'VAL_bicycle_FDE': 1.0808715091243801, 'VAL_bicycle_MR': 0.13719512195121952, 'VAL_moving_ADE': 2.5239990046931577, 'VAL_moving_FDE': 5.154646286810252, 'VAL_moving_MR': 0.6182965299684543, 'VAL_stopped_ADE': 0.36468654334124967, 'VAL_stopped_FDE': 0.8847623028485174, 'VAL_stopped_MR': 0.09073048758706911, 'VAL_parked_ADE': 0.12073784737346713, 'VAL_parked_FDE': 0.16613975267076658, 'VAL_parked_MR': 0.0052781966822763714, 'VAL_unknown_ADE': 0.9219746923332538, 'VAL_unknown_FDE': 1.9739913352395735, 'VAL_unknown_MR': 0.1685288640595903}
TRAIN_STEP nll 5600 phase 600
TRAIN_STEP nll 5700 phase 700
TRAIN_STEP nll 5800 phase 800
TRAIN_STEP nll 5900 phase 900
TRAIN_STEP nll 6000 phase 1000
VALIDATION nll {'global_step': 6000, 'phase_step': 1000, 'epoch': 0.9460737937559129, 'learning_rate': 0.0001, 'train_loss': 1.2374778348207474, 'regression_loss': -0.3625565471316222, 'classification_loss': 1.6000343806743622, 'NLL': -0.3625565471316222, 'vehicle_regression_loss': -0.38244791264215017, 'pedestrian_regression_loss': -0.1152999724256561, 'bicycle_regression_loss': -0.9772920471263452, 'VAL_overall_ADE': 0.7113725960913488, 'VAL_overall_FDE': 1.432819676565209, 'VAL_overall_MR': 0.16915802873249683, 'VAL_vehicle_ADE': 0.7580828251267686, 'VAL_vehicle_FDE': 1.5265106835601605, 'VAL_vehicle_MR': 0.16987149201549656, 'VAL_pedestrian_ADE': 0.5555666226485813, 'VAL_pedestrian_FDE': 1.1206250874558967, 'VAL_pedestrian_MR': 0.16813864355940678, 'VAL_bicycle_ADE': 0.5477230194643731, 'VAL_bicycle_FDE': 1.0987217350708174, 'VAL_bicycle_MR': 0.14176829268292682, 'VAL_moving_ADE': 2.47310569228642, 'VAL_moving_FDE': 5.0876788617402955, 'VAL_moving_MR': 0.6084504349488576, 'VAL_stopped_ADE': 0.3666133626803635, 'VAL_stopped_FDE': 0.884112219063198, 'VAL_stopped_MR': 0.08948026433291659, 'VAL_parked_ADE': 0.12639938710247875, 'VAL_parked_FDE': 0.17179734343149528, 'VAL_parked_MR': 0.0053575680609572185, 'VAL_unknown_ADE': 0.9146401605237574, 'VAL_unknown_FDE': 1.9729496363890349, 'VAL_unknown_MR': 0.17690875232774675}
TRAIN_STEP nll 6100 phase 1100
TRAIN_STEP nll 6200 phase 1200
TRAIN_STEP nll 6300 phase 1300
TRAIN_STEP nll 6400 phase 1400
TRAIN_STEP nll 6500 phase 1500
VALIDATION nll {'global_step': 6500, 'phase_step': 1500, 'epoch': 1.4191106906338695, 'learning_rate': 0.0001, 'train_loss': 1.1249518177509308, 'regression_loss': -0.4827325362241827, 'classification_loss': 1.6076843554973603, 'NLL': -0.4827325362241827, 'vehicle_regression_loss': -0.49194667491083965, 'pedestrian_regression_loss': -0.1446638625975596, 'bicycle_regression_loss': -1.109427984911707, 'VAL_overall_ADE': 0.7024129278511659, 'VAL_overall_FDE': 1.4255101817723477, 'VAL_overall_MR': 0.16812147663211494, 'VAL_vehicle_ADE': 0.7473778787181357, 'VAL_vehicle_FDE': 1.5192384604164544, 'VAL_vehicle_MR': 0.16838325616554853, 'VAL_pedestrian_ADE': 0.552472376442446, 'VAL_pedestrian_FDE': 1.112837663850175, 'VAL_pedestrian_MR': 0.16880519913347775, 'VAL_bicycle_ADE': 0.5440748149043563, 'VAL_bicycle_FDE': 1.0977511399119622, 'VAL_bicycle_MR': 0.13871951219512196, 'VAL_moving_ADE': 2.449865431620251, 'VAL_moving_FDE': 5.073279813354541, 'VAL_moving_MR': 0.6031928113947042, 'VAL_stopped_ADE': 0.36198097244613664, 'VAL_stopped_FDE': 0.8836307622412513, 'VAL_stopped_MR': 0.08948026433291659, 'VAL_parked_ADE': 0.11950965577775527, 'VAL_parked_FDE': 0.1664241779473698, 'VAL_parked_MR': 0.005119453924914676, 'VAL_unknown_ADE': 0.9048624866879658, 'VAL_unknown_FDE': 1.9551371556246702, 'VAL_unknown_MR': 0.1750465549348231}
TRAIN_STEP nll 6600 phase 1600
TRAIN_STEP nll 6700 phase 1700
TRAIN_STEP nll 6800 phase 1800
TRAIN_STEP nll 6900 phase 1900
TRAIN_STEP nll 7000 phase 2000
VALIDATION nll {'global_step': 7000, 'phase_step': 2000, 'epoch': 1.8921475875118259, 'learning_rate': 0.0001, 'train_loss': 1.1924019877910614, 'regression_loss': -0.42183592106215656, 'classification_loss': 1.6142379052639007, 'NLL': -0.42183592106215656, 'vehicle_regression_loss': -0.4548048231638968, 'pedestrian_regression_loss': -0.12703797959967664, 'bicycle_regression_loss': -0.8459366880975363, 'VAL_overall_ADE': 0.6983452927586755, 'VAL_overall_FDE': 1.4203748353233399, 'VAL_overall_MR': 0.1674668121476632, 'VAL_vehicle_ADE': 0.7424156209368689, 'VAL_vehicle_FDE': 1.512413157964234, 'VAL_vehicle_MR': 0.1680761598790513, 'VAL_pedestrian_ADE': 0.5520285208786514, 'VAL_pedestrian_FDE': 1.1138466432842284, 'VAL_pedestrian_MR': 0.16688885185802366, 'VAL_bicycle_ADE': 0.5314379202964341, 'VAL_bicycle_FDE': 1.089254540840246, 'VAL_bicycle_MR': 0.13871951219512196, 'VAL_moving_ADE': 2.4384293550880596, 'VAL_moving_FDE': 5.0609750027682, 'VAL_moving_MR': 0.6024280661504636, 'VAL_stopped_ADE': 0.3588368474152541, 'VAL_stopped_FDE': 0.8792857964643876, 'VAL_stopped_MR': 0.08894445436685122, 'VAL_parked_ADE': 0.11694100438508877, 'VAL_parked_FDE': 0.16105254373975392, 'VAL_parked_MR': 0.005040082546233828, 'VAL_unknown_ADE': 0.8973199671786452, 'VAL_unknown_FDE': 1.9546472322396515, 'VAL_unknown_MR': 0.1750465549348231}
TRAIN_STEP nll 7100 phase 2100
TRAIN_STEP nll 7200 phase 2200
TRAIN_STEP nll 7300 phase 2300
TRAIN_STEP nll 7400 phase 2400
TRAIN_STEP nll 7500 phase 2500
VALIDATION nll {'global_step': 7500, 'phase_step': 2500, 'epoch': 2.3651844843897822, 'learning_rate': 0.0001, 'train_loss': 1.0611874482631682, 'regression_loss': -0.550691792520578, 'classification_loss': 1.611879242658615, 'NLL': -0.550691792520578, 'vehicle_regression_loss': -0.6003984308419749, 'pedestrian_regression_loss': -0.15989809306460973, 'bicycle_regression_loss': -1.1357648629903754, 'VAL_overall_ADE': 0.6988433771049728, 'VAL_overall_FDE': 1.4265387336462185, 'VAL_overall_MR': 0.17004909983633387, 'VAL_vehicle_ADE': 0.7434146307844429, 'VAL_vehicle_FDE': 1.520718433365602, 'VAL_vehicle_MR': 0.17117074553529246, 'VAL_pedestrian_ADE': 0.5502212054187223, 'VAL_pedestrian_FDE': 1.1121897369301466, 'VAL_pedestrian_MR': 0.16780536577237126, 'VAL_bicycle_ADE': 0.5417900140242503, 'VAL_bicycle_FDE': 1.1003216758190097, 'VAL_bicycle_MR': 0.13871951219512196, 'VAL_moving_ADE': 2.4367003826656486, 'VAL_moving_FDE': 5.075002238767203, 'VAL_moving_MR': 0.6129433132587707, 'VAL_stopped_ADE': 0.36238327817710264, 'VAL_stopped_FDE': 0.8892419576004509, 'VAL_stopped_MR': 0.09001607429898197, 'VAL_parked_ADE': 0.11845173419184356, 'VAL_parked_FDE': 0.16663690379743362, 'VAL_parked_MR': 0.005238510992935947, 'VAL_unknown_ADE': 0.899603980094987, 'VAL_unknown_FDE': 1.962450539102705, 'VAL_unknown_MR': 0.18435754189944134}
TRAIN_STEP nll 7600 phase 2600
TRAIN_STEP nll 7700 phase 2700
TRAIN_STEP nll 7800 phase 2800
TRAIN_STEP nll 7900 phase 2900
TRAIN_STEP nll 8000 phase 3000
VALIDATION nll {'global_step': 8000, 'phase_step': 3000, 'epoch': 2.838221381267739, 'learning_rate': 0.0001, 'train_loss': 1.0214636623859406, 'regression_loss': -0.5916512035345659, 'classification_loss': 1.6131148633956909, 'NLL': -0.5916512035345659, 'vehicle_regression_loss': -0.632977658550255, 'pedestrian_regression_loss': -0.15463601770790644, 'bicycle_regression_loss': -0.9394300990507204, 'VAL_overall_ADE': 0.698835691294446, 'VAL_overall_FDE': 1.4238787662147252, 'VAL_overall_MR': 0.16879432624113475, 'VAL_vehicle_ADE': 0.7431902715814289, 'VAL_vehicle_FDE': 1.5174223905762367, 'VAL_vehicle_MR': 0.17003685155437967, 'VAL_pedestrian_ADE': 0.5510864386441245, 'VAL_pedestrian_FDE': 1.1116798645198995, 'VAL_pedestrian_MR': 0.16588901849691717, 'VAL_bicycle_ADE': 0.5397936754417038, 'VAL_bicycle_FDE': 1.099370399857701, 'VAL_bicycle_MR': 0.14176829268292682, 'VAL_moving_ADE': 2.417158130788174, 'VAL_moving_FDE': 5.0429598400167635, 'VAL_moving_MR': 0.6093107733486283, 'VAL_stopped_ADE': 0.3674659621088421, 'VAL_stopped_FDE': 0.8929229434934325, 'VAL_stopped_MR': 0.09001607429898197, 'VAL_parked_ADE': 0.1252687599096407, 'VAL_parked_FDE': 0.17402240141979172, 'VAL_parked_MR': 0.005119453924914676, 'VAL_unknown_ADE': 0.8946696800367084, 'VAL_unknown_FDE': 1.952169199126861, 'VAL_unknown_MR': 0.17783985102420857}
TRAIN_STEP nll 8100 phase 3100
TRAIN_STEP nll 8200 phase 3200
TRAIN_STEP nll 8300 phase 3300
TRAIN_STEP nll 8400 phase 3400
TRAIN_STEP nll 8500 phase 3500
VALIDATION nll {'global_step': 8500, 'phase_step': 3500, 'epoch': 3.3112582781456954, 'learning_rate': 0.0001, 'train_loss': 1.0490619628429412, 'regression_loss': -0.5635223444998264, 'classification_loss': 1.6125843052864075, 'NLL': -0.5635223444998264, 'vehicle_regression_loss': -0.6075383098339662, 'pedestrian_regression_loss': -0.22006061399946752, 'bicycle_regression_loss': -1.0409728417265738, 'VAL_overall_ADE': 0.693990262492744, 'VAL_overall_FDE': 1.415730000474576, 'VAL_overall_MR': 0.1701763957083106, 'VAL_vehicle_ADE': 0.7375186484973312, 'VAL_vehicle_FDE': 1.5074163780265515, 'VAL_vehicle_MR': 0.17126523670036853, 'VAL_pedestrian_ADE': 0.5490432202468684, 'VAL_pedestrian_FDE': 1.109888233530365, 'VAL_pedestrian_MR': 0.16755540743209466, 'VAL_bicycle_ADE': 0.5369944769573943, 'VAL_bicycle_FDE': 1.094762244886469, 'VAL_bicycle_MR': 0.14786585365853658, 'VAL_moving_ADE': 2.4135174100116235, 'VAL_moving_FDE': 5.037650080083501, 'VAL_moving_MR': 0.6137080585030111, 'VAL_stopped_ADE': 0.3619030875321508, 'VAL_stopped_FDE': 0.8843885648202032, 'VAL_stopped_MR': 0.09037328094302555, 'VAL_parked_ADE': 0.11847603108182964, 'VAL_parked_FDE': 0.16132813122304043, 'VAL_parked_MR': 0.005040082546233828, 'VAL_unknown_ADE': 0.8949528712895483, 'VAL_unknown_FDE': 1.9518201134822963, 'VAL_unknown_MR': 0.18342644320297952}
TRAIN_STEP nll 8600 phase 3600
TRAIN_STEP nll 8700 phase 3700
TRAIN_STEP nll 8800 phase 3800
TRAIN_STEP nll 8900 phase 3900
TRAIN_STEP nll 9000 phase 4000
VALIDATION nll {'global_step': 9000, 'phase_step': 4000, 'epoch': 3.7842951750236518, 'learning_rate': 0.0001, 'train_loss': 1.1150765275955201, 'regression_loss': -0.4988688253336586, 'classification_loss': 1.6139453547000886, 'NLL': -0.4988688253336586, 'vehicle_regression_loss': -0.5113720177551732, 'pedestrian_regression_loss': -0.20037579819209117, 'bicycle_regression_loss': -1.1539769539071454, 'VAL_overall_ADE': 0.692221406516199, 'VAL_overall_FDE': 1.4126699628343649, 'VAL_overall_MR': 0.17032187670485543, 'VAL_vehicle_ADE': 0.735717840998268, 'VAL_vehicle_FDE': 1.504723715119243, 'VAL_vehicle_MR': 0.1715250874043277, 'VAL_pedestrian_ADE': 0.5471562952514542, 'VAL_pedestrian_FDE': 1.1049591105681782, 'VAL_pedestrian_MR': 0.1673887685385769, 'VAL_bicycle_ADE': 0.5394476274072431, 'VAL_bicycle_FDE': 1.1021916201137993, 'VAL_bicycle_MR': 0.14634146341463414, 'VAL_moving_ADE': 2.409460082016839, 'VAL_moving_FDE': 5.029025477028161, 'VAL_moving_MR': 0.6151419558359621, 'VAL_stopped_ADE': 0.35976077449819227, 'VAL_stopped_FDE': 0.8825748349960467, 'VAL_stopped_MR': 0.09073048758706911, 'VAL_parked_ADE': 0.11802856567058995, 'VAL_parked_FDE': 0.1613241665931649, 'VAL_parked_MR': 0.005079768235574252, 'VAL_unknown_ADE': 0.885159546534099, 'VAL_unknown_FDE': 1.9392420319169135, 'VAL_unknown_MR': 0.17690875232774675}
TRAIN_STEP nll 9100 phase 4100
TRAIN_STEP nll 9200 phase 4200
TRAIN_STEP nll 9300 phase 4300
TRAIN_STEP nll 9400 phase 4400
TRAIN_STEP nll 9500 phase 4500
VALIDATION nll {'global_step': 9500, 'phase_step': 4500, 'epoch': 4.257332071901608, 'learning_rate': 0.0001, 'train_loss': 0.9831720325946808, 'regression_loss': -0.6381438120910898, 'classification_loss': 1.6213158450126648, 'NLL': -0.6381438120910898, 'vehicle_regression_loss': -0.7078982669149991, 'pedestrian_regression_loss': -0.2217045786911254, 'bicycle_regression_loss': -1.0778602463826876, 'VAL_overall_ADE': 0.6953872305835348, 'VAL_overall_FDE': 1.4260397221757628, 'VAL_overall_MR': 0.17166757592289508, 'VAL_vehicle_ADE': 0.7405951286743735, 'VAL_vehicle_FDE': 1.5237520436768262, 'VAL_vehicle_MR': 0.17348577907965604, 'VAL_pedestrian_ADE': 0.5447077997253627, 'VAL_pedestrian_FDE': 1.1000580411528904, 'VAL_pedestrian_MR': 0.1671388101983003, 'VAL_bicycle_ADE': 0.5348899549408532, 'VAL_bicycle_FDE': 1.0846893286597616, 'VAL_bicycle_MR': 0.13719512195121952, 'VAL_moving_ADE': 2.4275776654658254, 'VAL_moving_FDE': 5.097104532135379, 'VAL_moving_MR': 0.6233629672115476, 'VAL_stopped_ADE': 0.3626443928166752, 'VAL_stopped_FDE': 0.8907985874425405, 'VAL_stopped_MR': 0.09037328094302555, 'VAL_parked_ADE': 0.11771729588186128, 'VAL_parked_FDE': 0.16299846276149527, 'VAL_parked_MR': 0.005238510992935947, 'VAL_unknown_ADE': 0.8931998618192506, 'VAL_unknown_FDE': 1.943989242555173, 'VAL_unknown_MR': 0.17225325884543763}
TRAIN_STEP nll 9600 phase 4600
TRAIN_STEP nll 9700 phase 4700
TRAIN_STEP nll 9800 phase 4800
TRAIN_STEP nll 9900 phase 4900
TRAIN_STEP nll 10000 phase 5000
VALIDATION nll {'global_step': 10000, 'phase_step': 5000, 'epoch': 4.7303689687795645, 'learning_rate': 0.0001, 'train_loss': 1.027642135500908, 'regression_loss': -0.5840747849859763, 'classification_loss': 1.6117169234752655, 'NLL': -0.5840747849859763, 'vehicle_regression_loss': -0.6275899622542783, 'pedestrian_regression_loss': -0.18098686710883524, 'bicycle_regression_loss': -1.106322757950103, 'VAL_overall_ADE': 0.6952867872918896, 'VAL_overall_FDE': 1.4257674490806431, 'VAL_overall_MR': 0.1717403164211675, 'VAL_vehicle_ADE': 0.7378339343721498, 'VAL_vehicle_FDE': 1.5189277004978141, 'VAL_vehicle_MR': 0.1728479637153926, 'VAL_pedestrian_ADE': 0.5538915619016277, 'VAL_pedestrian_FDE': 1.1160266822929854, 'VAL_pedestrian_MR': 0.16997167138810199, 'VAL_bicycle_ADE': 0.5366277399326663, 'VAL_bicycle_FDE': 1.0810249490711679, 'VAL_bicycle_MR': 0.1326219512195122, 'VAL_moving_ADE': 2.40976807644319, 'VAL_moving_FDE': 5.06970842219939, 'VAL_moving_MR': 0.6214511041009464, 'VAL_stopped_ADE': 0.3647456455582882, 'VAL_stopped_FDE': 0.8928808857307194, 'VAL_stopped_MR': 0.08983747097696017, 'VAL_parked_ADE': 0.12057816770214884, 'VAL_parked_FDE': 0.16587772844118207, 'VAL_parked_MR': 0.005000396856893404, 'VAL_unknown_ADE': 0.879760449655524, 'VAL_unknown_FDE': 1.9422723765162409, 'VAL_unknown_MR': 0.17411545623836128}
TRAIN_STEP nll 10100 phase 5100
TRAIN_STEP nll 10200 phase 5200
TRAIN_STEP nll 10300 phase 5300
TRAIN_STEP nll 10400 phase 5400
TRAIN_STEP nll 10500 phase 5500
VALIDATION nll {'global_step': 10500, 'phase_step': 5500, 'epoch': 5.203405865657521, 'learning_rate': 0.0001, 'train_loss': 1.0637511583566666, 'regression_loss': -0.5615022983294439, 'classification_loss': 1.6252534589767456, 'NLL': -0.5615022983294439, 'vehicle_regression_loss': -0.5796903978819028, 'pedestrian_regression_loss': -0.2834926791035919, 'bicycle_regression_loss': -0.990716643266059, 'VAL_overall_ADE': 0.6877880937576281, 'VAL_overall_FDE': 1.4072719400465716, 'VAL_overall_MR': 0.16901254773595198, 'VAL_vehicle_ADE': 0.7306208707710661, 'VAL_vehicle_FDE': 1.4996951870750923, 'VAL_vehicle_MR': 0.1701077199281867, 'VAL_pedestrian_ADE': 0.5450415335265004, 'VAL_pedestrian_FDE': 1.098337337321875, 'VAL_pedestrian_MR': 0.16663889351774705, 'VAL_bicycle_ADE': 0.5354208671739864, 'VAL_bicycle_FDE': 1.0953393313430286, 'VAL_bicycle_MR': 0.14176829268292682, 'VAL_moving_ADE': 2.3925041872022472, 'VAL_moving_FDE': 5.015212534425337, 'VAL_moving_MR': 0.6100755185928688, 'VAL_stopped_ADE': 0.35771044895346826, 'VAL_stopped_FDE': 0.8807772076180754, 'VAL_stopped_MR': 0.09019467762100375, 'VAL_parked_ADE': 0.11681168457973742, 'VAL_parked_FDE': 0.15978930101012778, 'VAL_parked_MR': 0.004960711167552981, 'VAL_unknown_ADE': 0.88865434583554, 'VAL_unknown_FDE': 1.9209645664176533, 'VAL_unknown_MR': 0.17597765363128492}
TRAIN_STEP nll 10600 phase 5600
TRAIN_STEP nll 10700 phase 5700
TRAIN_STEP nll 10800 phase 5800
TRAIN_STEP nll 10900 phase 5900
TRAIN_STEP nll 11000 phase 6000
VALIDATION nll {'global_step': 11000, 'phase_step': 6000, 'epoch': 5.676442762535478, 'learning_rate': 0.0001, 'train_loss': 0.9662482405900955, 'regression_loss': -0.651676806950476, 'classification_loss': 1.6179250464439392, 'NLL': -0.651676806950476, 'vehicle_regression_loss': -0.7213939039800316, 'pedestrian_regression_loss': -0.20632834029383956, 'bicycle_regression_loss': -0.9461278771760862, 'VAL_overall_ADE': 0.6884913019894463, 'VAL_overall_FDE': 1.4128597815843802, 'VAL_overall_MR': 0.1701400254591744, 'VAL_vehicle_ADE': 0.7318678062745351, 'VAL_vehicle_FDE': 1.5068841786101783, 'VAL_vehicle_MR': 0.17133610507417557, 'VAL_pedestrian_ADE': 0.5438441199259365, 'VAL_pedestrian_FDE': 1.0984843681540462, 'VAL_pedestrian_MR': 0.16730544909181802, 'VAL_bicycle_ADE': 0.5358103564557074, 'VAL_bicycle_FDE': 1.097147795448375, 'VAL_bicycle_MR': 0.1448170731707317, 'VAL_moving_ADE': 2.390314254349767, 'VAL_moving_FDE': 5.0263621649126105, 'VAL_moving_MR': 0.6157155147691425, 'VAL_stopped_ADE': 0.36165596948925605, 'VAL_stopped_FDE': 0.8882171493113457, 'VAL_stopped_MR': 0.08876585104482944, 'VAL_parked_ADE': 0.11897791391457005, 'VAL_parked_FDE': 0.1650007147479708, 'VAL_parked_MR': 0.005119453924914676, 'VAL_unknown_ADE': 0.887740514405051, 'VAL_unknown_FDE': 1.934665374824642, 'VAL_unknown_MR': 0.17318435754189945}
TRAIN_STEP nll 11100 phase 6100
TRAIN_STEP nll 11200 phase 6200
TRAIN_STEP nll 11300 phase 6300
TRAIN_STEP nll 11400 phase 6400
TRAIN_STEP nll 11500 phase 6500
VALIDATION nll {'global_step': 11500, 'phase_step': 6500, 'epoch': 6.149479659413434, 'learning_rate': 0.0001, 'train_loss': 1.027073283314705, 'regression_loss': -0.6004419904394308, 'classification_loss': 1.6275152757167817, 'NLL': -0.6004419904394308, 'vehicle_regression_loss': -0.6386048250599997, 'pedestrian_regression_loss': -0.24168293884732467, 'bicycle_regression_loss': -1.4232064266245634, 'VAL_overall_ADE': 0.688182699607943, 'VAL_overall_FDE': 1.4105437304466317, 'VAL_overall_MR': 0.17144935442807782, 'VAL_vehicle_ADE': 0.7315092302401682, 'VAL_vehicle_FDE': 1.5040881257165937, 'VAL_vehicle_MR': 0.17275347255031653, 'VAL_pedestrian_ADE': 0.5439571718701391, 'VAL_pedestrian_FDE': 1.0982153289785617, 'VAL_pedestrian_MR': 0.16847192134644226, 'VAL_bicycle_ADE': 0.5310121038545309, 'VAL_bicycle_FDE': 1.0883549100986873, 'VAL_bicycle_MR': 0.14176829268292682, 'VAL_moving_ADE': 2.391654957673789, 'VAL_moving_FDE': 5.02586393992792, 'VAL_moving_MR': 0.6206863588567059, 'VAL_stopped_ADE': 0.3618070567904995, 'VAL_stopped_FDE': 0.8889208411774792, 'VAL_stopped_MR': 0.08965886765493838, 'VAL_parked_ADE': 0.11785462572932638, 'VAL_parked_FDE': 0.1605592379486234, 'VAL_parked_MR': 0.005119453924914676, 'VAL_unknown_ADE': 0.8861151324056984, 'VAL_unknown_FDE': 1.9298476672874854, 'VAL_unknown_MR': 0.17597765363128492}
TRAIN_STEP nll 11600 phase 6600
TRAIN_STEP nll 11700 phase 6700
TRAIN_STEP nll 11800 phase 6800
TRAIN_STEP nll 11900 phase 6900
TRAIN_STEP nll 12000 phase 7000
VALIDATION nll {'global_step': 12000, 'phase_step': 7000, 'epoch': 6.622516556291391, 'learning_rate': 0.0001, 'train_loss': 0.9683769215345382, 'regression_loss': -0.6524306824989616, 'classification_loss': 1.6208076038360595, 'NLL': -0.6524306824989616, 'vehicle_regression_loss': -0.7007510808855295, 'pedestrian_regression_loss': -0.2443052151605595, 'bicycle_regression_loss': -1.0596336244101943, 'VAL_overall_ADE': 0.6877250265478014, 'VAL_overall_FDE': 1.409514905820315, 'VAL_overall_MR': 0.1707401345699218, 'VAL_vehicle_ADE': 0.7306838775150907, 'VAL_vehicle_FDE': 1.5024384717273374, 'VAL_vehicle_MR': 0.17206841160351508, 'VAL_pedestrian_ADE': 0.5445017182752254, 'VAL_pedestrian_FDE': 1.0988835780410524, 'VAL_pedestrian_MR': 0.16747208798533578, 'VAL_bicycle_ADE': 0.535944640480987, 'VAL_bicycle_FDE': 1.096339302208479, 'VAL_bicycle_MR': 0.1448170731707317, 'VAL_moving_ADE': 2.3806110781087035, 'VAL_moving_FDE': 5.008493376235509, 'VAL_moving_MR': 0.6184877162795144, 'VAL_stopped_ADE': 0.36392508243731414, 'VAL_stopped_FDE': 0.8877822584725845, 'VAL_stopped_MR': 0.0893016610108948, 'VAL_parked_ADE': 0.12079661083339324, 'VAL_parked_FDE': 0.16506462677269843, 'VAL_parked_MR': 0.005000396856893404, 'VAL_unknown_ADE': 0.8810874101744004, 'VAL_unknown_FDE': 1.934250321932522, 'VAL_unknown_MR': 0.1750465549348231}
TRAIN_STEP nll 12100 phase 7100
TRAIN_STEP nll 12200 phase 7200
TRAIN_STEP nll 12300 phase 7300
TRAIN_STEP nll 12400 phase 7400
TRAIN_STEP nll 12500 phase 7500
VALIDATION nll {'global_step': 12500, 'phase_step': 7500, 'epoch': 7.095553453169347, 'learning_rate': 0.0001, 'train_loss': 0.9325883430242539, 'regression_loss': -0.6877828284939751, 'classification_loss': 1.6203711705207824, 'NLL': -0.6877828284939751, 'vehicle_regression_loss': -0.7659261106094345, 'pedestrian_regression_loss': -0.18700641110124433, 'bicycle_regression_loss': -1.2203144765709906, 'VAL_overall_ADE': 0.6804914275379209, 'VAL_overall_FDE': 1.403808259859362, 'VAL_overall_MR': 0.16763047826877614, 'VAL_vehicle_ADE': 0.7215705420966255, 'VAL_vehicle_FDE': 1.495460959998907, 'VAL_vehicle_MR': 0.16833601058301048, 'VAL_pedestrian_ADE': 0.5437705554846486, 'VAL_pedestrian_FDE': 1.0972522693840305, 'VAL_pedestrian_MR': 0.1664722546242293, 'VAL_bicycle_ADE': 0.5310445203493411, 'VAL_bicycle_FDE': 1.0980809662278483, 'VAL_bicycle_MR': 0.14329268292682926, 'VAL_moving_ADE': 2.36000643240816, 'VAL_moving_FDE': 5.001421540548937, 'VAL_moving_MR': 0.604339929261065, 'VAL_stopped_ADE': 0.3581489295467535, 'VAL_stopped_FDE': 0.8826877653988555, 'VAL_stopped_MR': 0.08876585104482944, 'VAL_parked_ADE': 0.11580956525603725, 'VAL_parked_FDE': 0.15818915785773702, 'VAL_parked_MR': 0.004881339788872133, 'VAL_unknown_ADE': 0.8696942427920765, 'VAL_unknown_FDE': 1.915980842480304, 'VAL_unknown_MR': 0.1713221601489758}
TRAIN_STEP nll 12600 phase 7600
TRAIN_STEP nll 12700 phase 7700
TRAIN_STEP nll 12800 phase 7800
TRAIN_STEP nll 12900 phase 7900
TRAIN_STEP nll 13000 phase 8000
VALIDATION nll {'global_step': 13000, 'phase_step': 8000, 'epoch': 7.5685903500473035, 'learning_rate': 0.0001, 'train_loss': 1.0085041068792344, 'regression_loss': -0.6206443750537001, 'classification_loss': 1.629148485183716, 'NLL': -0.6206443750537001, 'vehicle_regression_loss': -0.6837081484571099, 'pedestrian_regression_loss': -0.2686562849031111, 'bicycle_regression_loss': -0.9808574009479748, 'VAL_overall_ADE': 0.6862896117249522, 'VAL_overall_FDE': 1.4036311674052135, 'VAL_overall_MR': 0.17090380069103472, 'VAL_vehicle_ADE': 0.7286888624352401, 'VAL_vehicle_FDE': 1.4946215527583384, 'VAL_vehicle_MR': 0.17242275347255032, 'VAL_pedestrian_ADE': 0.545114975551471, 'VAL_pedestrian_FDE': 1.0999474902105568, 'VAL_pedestrian_MR': 0.1670554907515414, 'VAL_bicycle_ADE': 0.5331385481368648, 'VAL_bicycle_FDE': 1.0880922968591642, 'VAL_bicycle_MR': 0.14329268292682926, 'VAL_moving_ADE': 2.383955419057737, 'VAL_moving_FDE': 4.990799061411584, 'VAL_moving_MR': 0.6202083930790555, 'VAL_stopped_ADE': 0.3622168823499878, 'VAL_stopped_FDE': 0.8870690787842789, 'VAL_stopped_MR': 0.08858724772280764, 'VAL_parked_ADE': 0.11665130036386163, 'VAL_parked_FDE': 0.15991196177982106, 'VAL_parked_MR': 0.004960711167552981, 'VAL_unknown_ADE': 0.8760404981372729, 'VAL_unknown_FDE': 1.9230998183410482, 'VAL_unknown_MR': 0.17690875232774675}
TRAIN_STEP nll 13100 phase 8100
TRAIN_STEP nll 13200 phase 8200
TRAIN_STEP nll 13300 phase 8300
TRAIN_STEP nll 13400 phase 8400
TRAIN_STEP nll 13500 phase 8500
VALIDATION nll {'global_step': 13500, 'phase_step': 8500, 'epoch': 8.04162724692526, 'learning_rate': 0.0001, 'train_loss': 0.9391274714469909, 'regression_loss': -0.6851067671249621, 'classification_loss': 1.6242342393398286, 'NLL': -0.6851067671249621, 'vehicle_regression_loss': -0.7367482500635087, 'pedestrian_regression_loss': -0.24605415778860634, 'bicycle_regression_loss': -1.2070854983768717, 'VAL_overall_ADE': 0.6819351616472119, 'VAL_overall_FDE': 1.4033908674735864, 'VAL_overall_MR': 0.17052191307510456, 'VAL_vehicle_ADE': 0.721824942084775, 'VAL_vehicle_FDE': 1.4913180327032856, 'VAL_vehicle_MR': 0.17171406973447984, 'VAL_pedestrian_ADE': 0.5495441993312044, 'VAL_pedestrian_FDE': 1.1104654124736442, 'VAL_pedestrian_MR': 0.16780536577237126, 'VAL_bicycle_ADE': 0.5300176985889798, 'VAL_bicycle_FDE': 1.0886935388237073, 'VAL_bicycle_MR': 0.14329268292682926, 'VAL_moving_ADE': 2.3603689762125883, 'VAL_moving_FDE': 4.9888408846135865, 'VAL_moving_MR': 0.6174361915686837, 'VAL_stopped_ADE': 0.3589191707591326, 'VAL_stopped_FDE': 0.884273337979829, 'VAL_stopped_MR': 0.0893016610108948, 'VAL_parked_ADE': 0.11568197884265868, 'VAL_parked_FDE': 0.15615802170751492, 'VAL_parked_MR': 0.004841654099531709, 'VAL_unknown_ADE': 0.8751682013176117, 'VAL_unknown_FDE': 1.9146128641692126, 'VAL_unknown_MR': 0.1750465549348231}
TRAIN_STEP nll 13600 phase 8600
TRAIN_STEP nll 13700 phase 8700
TRAIN_STEP nll 13800 phase 8800
TRAIN_STEP nll 13900 phase 8900
TRAIN_STEP nll 14000 phase 9000
VALIDATION nll {'global_step': 14000, 'phase_step': 9000, 'epoch': 8.514664143803216, 'learning_rate': 0.0001, 'train_loss': 0.9112607477903366, 'regression_loss': -0.7131109654231695, 'classification_loss': 1.6243717148303987, 'NLL': -0.7131109654231695, 'vehicle_regression_loss': -0.7806986936301692, 'pedestrian_regression_loss': -0.28654327042992617, 'bicycle_regression_loss': -1.0227740218394825, 'VAL_overall_ADE': 0.6815108926625522, 'VAL_overall_FDE': 1.401236114443124, 'VAL_overall_MR': 0.16993998908892527, 'VAL_vehicle_ADE': 0.7230035162112589, 'VAL_vehicle_FDE': 1.4923942469114018, 'VAL_vehicle_MR': 0.17058017575356704, 'VAL_pedestrian_ADE': 0.54322748430778, 'VAL_pedestrian_FDE': 1.0964863918071808, 'VAL_pedestrian_MR': 0.16938843526078987, 'VAL_bicycle_ADE': 0.5339677935926153, 'VAL_bicycle_FDE': 1.0943765221099744, 'VAL_bicycle_MR': 0.13871951219512196, 'VAL_moving_ADE': 2.360555144845978, 'VAL_moving_FDE': 4.982688807047079, 'VAL_moving_MR': 0.6124653474811204, 'VAL_stopped_ADE': 0.36142800671300795, 'VAL_stopped_FDE': 0.8869084658837899, 'VAL_stopped_MR': 0.08965886765493838, 'VAL_parked_ADE': 0.11729007584183074, 'VAL_parked_FDE': 0.16020235629704305, 'VAL_parked_MR': 0.004881339788872133, 'VAL_unknown_ADE': 0.8690006865667148, 'VAL_unknown_FDE': 1.9083297721394168, 'VAL_unknown_MR': 0.17597765363128492}
TRAIN_STEP nll 14100 phase 9100
TRAIN_STEP nll 14200 phase 9200
TRAIN_STEP nll 14300 phase 9300
TRAIN_STEP nll 14400 phase 9400
TRAIN_STEP nll 14500 phase 9500
VALIDATION nll {'global_step': 14500, 'phase_step': 9500, 'epoch': 8.987701040681173, 'learning_rate': 0.0001, 'train_loss': 0.9966600989103317, 'regression_loss': -0.6307871022038162, 'classification_loss': 1.627447202682495, 'NLL': -0.6307871022038162, 'vehicle_regression_loss': -0.6815547128459438, 'pedestrian_regression_loss': -0.2527579564552352, 'bicycle_regression_loss': -1.3779268443003434, 'VAL_overall_ADE': 0.6806114199671447, 'VAL_overall_FDE': 1.3918332650057292, 'VAL_overall_MR': 0.1680669212584106, 'VAL_vehicle_ADE': 0.7222534486125496, 'VAL_vehicle_FDE': 1.480636713665049, 'VAL_vehicle_MR': 0.1687848436171218, 'VAL_pedestrian_ADE': 0.5419248323611923, 'VAL_pedestrian_FDE': 1.0947474904043735, 'VAL_pedestrian_MR': 0.16697217130478254, 'VAL_bicycle_ADE': 0.5308035965362938, 'VAL_bicycle_FDE': 1.0967050304312669, 'VAL_bicycle_MR': 0.14176829268292682, 'VAL_moving_ADE': 2.363219780412884, 'VAL_moving_FDE': 4.948858003091271, 'VAL_moving_MR': 0.6055826402829557, 'VAL_stopped_ADE': 0.35925854918175043, 'VAL_stopped_FDE': 0.8820776903363013, 'VAL_stopped_MR': 0.08894445436685122, 'VAL_parked_ADE': 0.11534371972864829, 'VAL_parked_FDE': 0.15577705643577924, 'VAL_parked_MR': 0.004762282720850861, 'VAL_unknown_ADE': 0.8704573530504338, 'VAL_unknown_FDE': 1.9034325291148562, 'VAL_unknown_MR': 0.1787709497206704}
TRAIN_STEP nll 14600 phase 9600
TRAIN_STEP nll 14700 phase 9700
TRAIN_STEP nll 14800 phase 9800
TRAIN_STEP nll 14900 phase 9900
TRAIN_STEP nll 15000 phase 10000
VALIDATION nll {'global_step': 15000, 'phase_step': 10000, 'epoch': 9.460737937559129, 'learning_rate': 0.0001, 'train_loss': 0.9808943309783935, 'regression_loss': -0.6462827628692029, 'classification_loss': 1.627177090883255, 'NLL': -0.6462827628692029, 'vehicle_regression_loss': -0.6892594827599824, 'pedestrian_regression_loss': -0.2059195781617715, 'bicycle_regression_loss': -0.8363815537020224, 'VAL_overall_ADE': 0.6773612667027423, 'VAL_overall_FDE': 1.388404393440423, 'VAL_overall_MR': 0.17034006182942354, 'VAL_vehicle_ADE': 0.7177157086467031, 'VAL_vehicle_FDE': 1.4753904411723058, 'VAL_vehicle_MR': 0.1710998771614854, 'VAL_pedestrian_ADE': 0.5427875208501655, 'VAL_pedestrian_FDE': 1.0975853555638764, 'VAL_pedestrian_MR': 0.16905515747375438, 'VAL_bicycle_ADE': 0.5353945919327443, 'VAL_bicycle_FDE': 1.0958993934530044, 'VAL_bicycle_MR': 0.1448170731707317, 'VAL_moving_ADE': 2.345720766130882, 'VAL_moving_FDE': 4.923529142510221, 'VAL_moving_MR': 0.6142816174361916, 'VAL_stopped_ADE': 0.3583313165990455, 'VAL_stopped_FDE': 0.8842312570245806, 'VAL_stopped_MR': 0.08983747097696017, 'VAL_parked_ADE': 0.11515153748606166, 'VAL_parked_FDE': 0.15663475230518098, 'VAL_parked_MR': 0.004881339788872133, 'VAL_unknown_ADE': 0.8713882315877454, 'VAL_unknown_FDE': 1.9120079136313306, 'VAL_unknown_MR': 0.17783985102420857}
PHASE_COMPLETE nll 10000
