/home/lrj/anaconda3/envs/ped_intent/lib/python3.10/site-packages/torch/nn/modules/transformer.py:379: UserWarning: enable_nested_tensor is True, but self.use_nested_tensor is False because encoder_layer was not TransformerEncoderLayer
  warnings.warn(
VAL_EVALUATE 208 / 3603
VAL_EVALUATE 400 / 3603
VAL_EVALUATE 608 / 3603
VAL_EVALUATE 800 / 3603
VAL_EVALUATE 1008 / 3603
VAL_EVALUATE 1200 / 3603
VAL_EVALUATE 1408 / 3603
VAL_EVALUATE 1600 / 3603
VAL_EVALUATE 1808 / 3603
VAL_EVALUATE 2000 / 3603
VAL_EVALUATE 2208 / 3603
VAL_EVALUATE 2400 / 3603
VAL_EVALUATE 2608 / 3603
VAL_EVALUATE 2800 / 3603
VAL_EVALUATE 3008 / 3603
VAL_EVALUATE 3200 / 3603
VAL_EVALUATE 3408 / 3603
VAL_EVALUATE 3600 / 3603
VAL_EVALUATE 3603 / 3603
FORMAL_VAL {'overall': {'count': 54990, 'minADE6': 0.677361265689025, 'minFDE6': 1.3884043961507777, 'MR6': 0.17034006182942354, 'Top1ADE6': 1.2257893061886824, 'Top1FDE6': 2.7634454339155017, 'NLL': -0.6931400437164276, 'independent_minADE6': 0.6429936984745355}, 'vehicle': {'count': 42332, 'minADE6': 0.7177157061032158, 'minFDE6': 1.4753904449729902, 'MR6': 0.1710998771614854, 'Top1ADE6': 1.381411748590001, 'Top1FDE6': 3.147477200685113, 'NLL': -0.886933952795585, 'independent_minADE6': 0.6773013640450721}, 'pedestrian': {'count': 12002, 'minADE6': 0.5427875243483091, 'minFDE6': 1.0975853549867176, 'MR6': 0.16905515747375438, 'Top1ADE6': 0.6886634405630886, 'Top1FDE6': 1.4415163962874424, 'NLL': -0.007469829294168685, 'independent_minADE6': 0.5292963347121071}, 'bicycle': {'count': 656, 'minADE6': 0.5353946070880317, 'minFDE6': 1.0958993859513146, 'MR6': 0.1448170731707317, 'Top1ADE6': 1.010507915191361, 'Top1FDE6': 2.1673472002581637, 'NLL': -0.7323628399924307, 'independent_minADE6': 0.5092797669878076}, 'vehicle.moving': {'count': 10461, 'minADE6': 2.3457207589636333, 'minFDE6': 4.9235291512822, 'MR6': 0.6142816174361916, 'Top1ADE6': 4.737272364463569, 'Top1FDE6': 10.987781825089936, 'NLL': 1.3115648710386605, 'independent_minADE6': 2.213182387736093}, 'vehicle.stopped': {'count': 5599, 'minADE6': 0.3583313180128294, 'minFDE6': 0.8842312727946879, 'MR6': 0.08983747097696017, 'Top1ADE6': 0.515082266798403, 'Top1FDE6': 1.3285716361088575, 'NLL': -1.1584496180833794, 'independent_minADE6': 0.34217849506999565}, 'vehicle.parked': {'count': 25198, 'minADE6': 0.11515153668984703, 'minFDE6': 0.15663475393943302, 'MR6': 0.004881339788872133, 'Top1ADE6': 0.17784529179324476, 'Top1FDE6': 0.2896703053022912, 'NLL': -1.7374812310130823, 'independent_minADE6': 0.10768853278529385}, 'unknown': {'count': 1074, 'minADE6': 0.871388212456394, 'minFDE6': 1.9120078574396926, 'MR6': 0.17783985102420857, 'Top1ADE6': 1.4488125346816496, 'Top1FDE6': 3.3128810461412845, 'NLL': -0.9299410940052549, 'independent_minADE6': 0.8287032976051969}}
VEHICLE_RETENTION=PASS; CASE_JSON_EXPORT=PASS
