STAGE4A_FIGURES_WAITING_FOR_COMPLETE_EVALUATION 2026-10-05T12:11:46.554525+00:00
STAGE4A_FIGURES_WAITING_FOR_COMPLETE_EVALUATION 2026-10-05T13:11:23.936628+00:00
STAGE4A_FIGURES_WAITING_FOR_COMPLETE_EVALUATION 2026-10-05T14:27:51.062972+00:00
STAGE4A_FIGURES_ALL_FOUR_EVALUATION_STAGES_COMPLETE 2026-10-05T14:27:51.076609+00:00
STAGE4A_FIGURES_BEGIN cases 2026-10-05T14:27:51.095183+00:00
/home/lrj/anaconda3/envs/ped_intent/lib/python3.10/site-packages/torch/nn/modules/transformer.py:379: UserWarning: enable_nested_tensor is True, but self.use_nested_tensor is False because encoder_layer was not TransformerEncoderLayer
  warnings.warn(
STAGE4A_MATCHED_CASE=PASS stage4a_vehicle_improvement_case_001 delta_FDE -6.844547271728516
STAGE4A_MATCHED_CASE=PASS stage4a_pedestrian_improvement_case_001 delta_FDE -2.7045251727104187
STAGE4A_MATCHED_CASE=PASS stage4a_degradation_case_001 delta_FDE 9.157299041748047
STAGE4A_MATCHED_CASE=PASS stage4a_vp_context_case_001 delta_FDE -6.674070358276367
STAGE4A_QUALITATIVE=PASS
STAGE4A_FIGURES_END cases 2026-10-05T14:28:03.677828+00:00
STAGE4A_FIGURES_BEGIN quantitative 2026-10-05T14:28:03.693736+00:00
STAGE4A_QUANTITATIVE_FIGURES=PASS
STAGE4A_FIGURES_END quantitative 2026-10-05T14:28:11.339080+00:00
STAGE4A_FIGURES_BEGIN export-QA 2026-10-05T14:28:11.349711+00:00
STAGE4A_EXPORT_QA=PASS 10
STAGE4A_FIGURES_END export-QA 2026-10-05T14:28:15.926358+00:00
STAGE4A_FIGURES_PIPELINE=PASS 2026-10-05T14:28:15.952034+00:00
